// Jest Snapshot v1, https://goo.gl/fbAQLP

exports[`Display Component 1`] = `
<div
  style={
    Object {
      "backgroundImage": "url(lines.png)",
      "fontFamily": "monospace",
      "height": "100%",
      "paddingTop": "100px",
      "position": "absolute",
      "textAlign": "center",
      "width": "100%",
    }
  }
>
  <img
    alt="Not Found"
    src="unicorn-small.png"
    style={
      Object {
        "height": "200px",
        "marginBottom": "50px",
        "marginTop": "50px",
      }
    }
  />
  <h2>
    Looks like something went wrong!
  </h2>
  <div>
    Page not found, try refreshing.
  </div>
  <div>
    If the problem persists feel free to contact us.
  </div>
  <div>
    <div
      className="spacer"
      style={
        Object {
          "height": "80px",
        }
      }
    />
    <div>
      <b>
        Contact:
      </b>
    </div>
    <div>
      <a
        href="https://www.teufel-it.de"
      >
        www.teufel-it.de
      </a>
    </div>
    <div>
      <a
        href="mailto:info@teufel-it.de"
      >
        info@teufel-it.de
      </a>
    </div>
    <br />
    <a
      className="btn btn-secondary"
      href="/"
      onClick={[Function]}
    >
      Start
    </a>
  </div>
</div>
`;
